Platform Graph:{'processor_0000': [('processor_0000', 100010000000), ('processor_0001', 100010000000), ('processor_0002', 100010000000), ('processor_0003', 100010000000)], 'processor_0001': [('processor_0000', 100010000000), ('processor_0001', 100010000000), ('processor_0002', 100010000000), ('processor_0003', 100010000000)], 'processor_0002': [('processor_0000', 100010000000), ('processor_0001', 100010000000), ('processor_0002', 100010000000), ('processor_0003', 100010000000)], 'processor_0003': [('processor_0000', 100010000000), ('processor_0001', 100010000000), ('processor_0002', 100010000000), ('processor_0003', 100010000000)]}Symmetry group generators:[[[2, 3]], [[1, 2]], [[0, 1]]]
Correspondence:{0: 'processor_0000', 1: 'processor_0001', 2: 'processor_0002', 3: 'processor_0003'}