Platform Graph:{'processor_0': [('processor_0', 259380), ('processor_1', 259380), ('processor_2', 259380), ('processor_3', 259380), ('processor_4', 259380), ('processor_5', 259380), ('processor_6', 259380), ('processor_7', 259380)], 'processor_1': [('processor_1', 259380), ('processor_0', 259380), ('processor_2', 259380), ('processor_3', 259380), ('processor_4', 259380), ('processor_5', 259380), ('processor_6', 259380), ('processor_7', 259380)], 'processor_2': [('processor_2', 259380), ('processor_0', 259380), ('processor_1', 259380), ('processor_3', 259380), ('processor_4', 259380), ('processor_5', 259380), ('processor_6', 259380), ('processor_7', 259380)], 'processor_3': [('processor_3', 259380), ('processor_0', 259380), ('processor_1', 259380), ('processor_2', 259380), ('processor_4', 259380), ('processor_5', 259380), ('processor_6', 259380), ('processor_7', 259380)], 'processor_4': [('processor_4', 250000), ('processor_5', 250000), ('processor_6', 250000), ('processor_7', 250000), ('processor_0', 259380), ('processor_1', 259380), ('processor_2', 259380), ('processor_3', 259380)], 'processor_5': [('processor_5', 250000), ('processor_4', 250000), ('processor_6', 250000), ('processor_7', 250000), ('processor_0', 259380), ('processor_1', 259380), ('processor_2', 259380), ('processor_3', 259380)], 'processor_6': [('processor_6', 250000), ('processor_4', 250000), ('processor_5', 250000), ('processor_7', 250000), ('processor_0', 259380), ('processor_1', 259380), ('processor_2', 259380), ('processor_3', 259380)], 'processor_7': [('processor_7', 250000), ('processor_4', 250000), ('processor_5', 250000), ('processor_6', 250000), ('processor_0', 259380), ('processor_1', 259380), ('processor_2', 259380), ('processor_3', 259380)]}Symmetry group generators:[[[2, 3]], [[1, 2]], [[6, 7]], [[5, 6]], [[4, 5]], [[0, 1]]]
Correspondence:{0: 'processor_0', 1: 'processor_1', 2: 'processor_2', 3: 'processor_3', 4: 'processor_4', 5: 'processor_5', 6: 'processor_6', 7: 'processor_7'}