Platform Graph:{'processor_0': [('processor_0', 875000), ('processor_1', 875000), ('processor_2', 466670000), ('processor_3', 466670000), ('processor_4', 466670000), ('processor_5', 466670000), ('processor_6', 466670000), ('processor_7', 466670000), ('processor_8', 2000000000)], 'processor_1': [('processor_1', 875000), ('processor_0', 875000), ('processor_2', 466670000), ('processor_3', 466670000), ('processor_4', 466670000), ('processor_5', 466670000), ('processor_6', 466670000), ('processor_7', 466670000), ('processor_8', 2000000000)], 'processor_2': [('processor_2', 787110), ('processor_3', 787110), ('processor_0', 466670000), ('processor_1', 466670000), ('processor_4', 466670000), ('processor_5', 466670000), ('processor_6', 466670000), ('processor_7', 466670000), ('processor_8', 2000000000)], 'processor_3': [('processor_3', 787110), ('processor_2', 787110), ('processor_0', 466670000), ('processor_1', 466670000), ('processor_4', 466670000), ('processor_5', 466670000), ('processor_6', 466670000), ('processor_7', 466670000), ('processor_8', 2000000000)], 'processor_4': [('processor_4', 787110), ('processor_5', 787110), ('processor_6', 787110), ('processor_7', 787110), ('processor_0', 466670000), ('processor_1', 466670000), ('processor_2', 466670000), ('processor_3', 466670000), ('processor_8', 2000000000)], 'processor_5': [('processor_5', 787110), ('processor_4', 787110), ('processor_6', 787110), ('processor_7', 787110), ('processor_0', 466670000), ('processor_1', 466670000), ('processor_2', 466670000), ('processor_3', 466670000), ('processor_8', 2000000000)], 'processor_6': [('processor_6', 787110), ('processor_4', 787110), ('processor_5', 787110), ('processor_7', 787110), ('processor_0', 466670000), ('processor_1', 466670000), ('processor_2', 466670000), ('processor_3', 466670000), ('processor_8', 2000000000)], 'processor_7': [('processor_7', 787110), ('processor_4', 787110), ('processor_5', 787110), ('processor_6', 787110), ('processor_0', 466670000), ('processor_1', 466670000), ('processor_2', 466670000), ('processor_3', 466670000), ('processor_8', 2000000000)], 'processor_8': [('processor_8', 2000000000), ('processor_0', 2000000000), ('processor_1', 2000000000), ('processor_2', 2000000000), ('processor_3', 2000000000), ('processor_4', 2000000000), ('processor_5', 2000000000), ('processor_6', 2000000000), ('processor_7', 2000000000)]}Symmetry group generators:[[[2, 3]], [[6, 7]], [[5, 6]], [[4, 5]], [[0, 1]]]
Correspondence:{0: 'processor_0', 1: 'processor_1', 2: 'processor_2', 3: 'processor_3', 4: 'processor_4', 5: 'processor_5', 6: 'processor_6', 7: 'processor_7', 8: 'processor_8'}