Platform Graph:{'processor_0000': [('processor_0000', 20000000000), ('processor_0001', 20000000000), ('processor_0002', 2000000000000), ('processor_0003', 2000000000000)], 'processor_0001': [('processor_0000', 20000000000), ('processor_0001', 20000000000), ('processor_0002', 2000000000000), ('processor_0003', 2000000000000)], 'processor_0002': [('processor_0002', 20000000000), ('processor_0003', 20000000000), ('processor_0000', 2000000000000), ('processor_0001', 2000000000000)], 'processor_0003': [('processor_0002', 20000000000), ('processor_0003', 20000000000), ('processor_0000', 2000000000000), ('processor_0001', 2000000000000)]}Symmetry group generators:[[[2, 3]], [[0, 1]], [[0, 2], [1, 3]]]
Correspondence:{0: 'processor_0000', 1: 'processor_0001', 2: 'processor_0002', 3: 'processor_0003'}