Platform Graph:{'processor_0000': [('processor_0000', 259380), ('processor_0001', 259380), ('processor_0002', 259380), ('processor_0003', 259380), ('processor_0004', 259380), ('processor_0005', 259380), ('processor_0006', 259380), ('processor_0007', 259380)], 'processor_0001': [('processor_0001', 259380), ('processor_0000', 259380), ('processor_0002', 259380), ('processor_0003', 259380), ('processor_0004', 259380), ('processor_0005', 259380), ('processor_0006', 259380), ('processor_0007', 259380)], 'processor_0002': [('processor_0002', 259380), ('processor_0000', 259380), ('processor_0001', 259380), ('processor_0003', 259380), ('processor_0004', 259380), ('processor_0005', 259380), ('processor_0006', 259380), ('processor_0007', 259380)], 'processor_0003': [('processor_0003', 259380), ('processor_0000', 259380), ('processor_0001', 259380), ('processor_0002', 259380), ('processor_0004', 259380), ('processor_0005', 259380), ('processor_0006', 259380), ('processor_0007', 259380)], 'processor_0004': [('processor_0004', 250000), ('processor_0005', 250000), ('processor_0006', 250000), ('processor_0007', 250000), ('processor_0000', 259380), ('processor_0001', 259380), ('processor_0002', 259380), ('processor_0003', 259380)], 'processor_0005': [('processor_0005', 250000), ('processor_0004', 250000), ('processor_0006', 250000), ('processor_0007', 250000), ('processor_0000', 259380), ('processor_0001', 259380), ('processor_0002', 259380), ('processor_0003', 259380)], 'processor_0006': [('processor_0006', 250000), ('processor_0004', 250000), ('processor_0005', 250000), ('processor_0007', 250000), ('processor_0000', 259380), ('processor_0001', 259380), ('processor_0002', 259380), ('processor_0003', 259380)], 'processor_0007': [('processor_0007', 250000), ('processor_0004', 250000), ('processor_0005', 250000), ('processor_0006', 250000), ('processor_0000', 259380), ('processor_0001', 259380), ('processor_0002', 259380), ('processor_0003', 259380)]}Symmetry group generators:[[[2, 3]], [[1, 2]], [[6, 7]], [[5, 6]], [[4, 5]], [[0, 1]]]
Correspondence:{0: 'processor_0000', 1: 'processor_0001', 2: 'processor_0002', 3: 'processor_0003', 4: 'processor_0004', 5: 'processor_0005', 6: 'processor_0006', 7: 'processor_0007'}