Schedule t:(0.000, 13.941), e:41.408
    [t:(0.000, 8.991), 3 jobs, PEs: [ARM_CORTEX_A15: 3, ARM_CORTEX_A7: 4], e:33.803]
        Job: af.A , start = 0.000 [0.00], end = 8.991 [0.92], energy = 13.615, mapping: {ARM04} [ARM_CORTEX_A15: 1 | t=9.736 e=14.743]
        Job: hog.A , start = 0.000 [0.29], end = 8.991 [1.00F], energy = 8.425, mapping: {ARM00, ARM01, ARM02} [ARM_CORTEX_A7: 3 | t=12.663 e=11.866]
        Job: hog.B , start = 0.000 [0.74], end = 8.991 [0.91], energy = 11.762, mapping: {ARM00, ARM04, ARM05} [ARM_CORTEX_A15: 2, ARM_CORTEX_A7: 1 | t=53.620 e=70.151]
    [t:(8.991, 9.736), 2 jobs, PEs: [ARM_CORTEX_A15: 3, ARM_CORTEX_A7: 1], e:2.103]
        Job: af.A , start = 8.991 [0.92], end = 9.736 [1.00F], energy = 1.128, mapping: {ARM04} [ARM_CORTEX_A15: 1 | t=9.736 e=14.743]
        Job: hog.B , start = 8.991 [0.91], end = 9.736 [0.92], energy = 0.975, mapping: {ARM00, ARM04, ARM05} [ARM_CORTEX_A15: 2, ARM_CORTEX_A7: 1 | t=53.620 e=70.151]
    [t:(9.736, 13.941), 1 job, PEs: [ARM_CORTEX_A15: 2, ARM_CORTEX_A7: 1], e:5.502]
        Job: hog.B , start = 9.736 [0.92], end = 13.941 [1.00F], energy = 5.502, mapping: {ARM00, ARM04, ARM05} [ARM_CORTEX_A15: 2, ARM_CORTEX_A7: 1 | t=53.620 e=70.151]

