Time window: [0.000, 43.691), Energy (Total): 171.222 (MISSED)
  Job: 0 [hog.B], mapping: 16 [ARM_CORTEX_A7: 1, ARM_CORTEX_A15: 2], start = 0.000 [0.00], end = 43.691 [0.81], energy = 57.161
  Job: 1 [hog.B], mapping: 14 [ARM_CORTEX_A7: 1, ARM_CORTEX_A15: 1], start = 0.000 [0.00], end = 43.691 [0.80], energy = 57.072
  Job: 2 [hog.B], mapping: 19 [ARM_CORTEX_A7: 2, ARM_CORTEX_A15: 1], start = 0.000 [0.00], end = 43.691 [1.00F], energy = 56.989

Time window: [43.691, 51.507), Energy (Total): 21.157 (MISSED)
  Job: 0 [hog.B], mapping: 26 [ARM_CORTEX_A7: 1, ARM_CORTEX_A15: 3], start = 43.691 [0.81], end = 51.507 [1.00F], energy = 14.027
  Job: 1 [hog.B], mapping: 4 [ARM_CORTEX_A7: 3, ARM_CORTEX_A15: 0], start = 43.691 [0.80], end = 51.507 [0.99], energy = 7.130

Time window: [51.507, 51.902), Energy (Total): 0.694 (MISSED)
  Job: 1 [hog.B], mapping: 20 [ARM_CORTEX_A7: 3, ARM_CORTEX_A15: 1], start = 51.507 [0.99], end = 51.902 [1.00F], energy = 0.694
