Time window: [0.000, 41.922), Energy (Total): 272.881 (MISSED)
  Job: 0 [hog.B], mapping: 4 [ARM_CORTEX_A7: 3, ARM_CORTEX_A15: 0], start = 0.000 [0.00], end = 41.922 [1.00F], energy = 38.244
  Job: 1 [hog.B], __idle__
  Job: 2 [hog.B], mapping: 0 [ARM_CORTEX_A7: 1, ARM_CORTEX_A15: 0], start = 0.000 [0.00], end = 41.922 [0.37], energy = 16.971
  Job: 3 [hog.B], __idle__
  Job: 4 [hog.B], mapping: 30 [ARM_CORTEX_A7: 0, ARM_CORTEX_A15: 2], start = 0.000 [0.00], end = 41.922 [0.99], energy = 108.833
  Job: 5 [hog.B], mapping: 30 [ARM_CORTEX_A7: 0, ARM_CORTEX_A15: 2], start = 0.000 [0.00], end = 41.922 [0.99], energy = 108.833
  Job: 6 [hog.B], __idle__

Time window: [41.922, 42.465), Energy (Total): 3.537 (MISSED)
  Job: 1 [hog.B], mapping: 4 [ARM_CORTEX_A7: 3, ARM_CORTEX_A15: 0], start = 41.922 [0.00], end = 42.465 [0.01], energy = 0.496
  Job: 2 [hog.B], mapping: 0 [ARM_CORTEX_A7: 1, ARM_CORTEX_A15: 0], start = 41.922 [0.37], end = 42.465 [0.37], energy = 0.220
  Job: 3 [hog.B], __idle__
  Job: 4 [hog.B], mapping: 30 [ARM_CORTEX_A7: 0, ARM_CORTEX_A15: 2], start = 41.922 [0.99], end = 42.465 [1.00F], energy = 1.411
  Job: 5 [hog.B], mapping: 30 [ARM_CORTEX_A7: 0, ARM_CORTEX_A15: 2], start = 41.922 [0.99], end = 42.465 [1.00F], energy = 1.411
  Job: 6 [hog.B], __idle__

Time window: [42.465, 83.844), Energy (Total): 161.922 (MISSED)
  Job: 1 [hog.B], mapping: 4 [ARM_CORTEX_A7: 3, ARM_CORTEX_A15: 0], start = 42.465 [0.01], end = 83.844 [1.00F], energy = 37.749
  Job: 2 [hog.B], mapping: 0 [ARM_CORTEX_A7: 1, ARM_CORTEX_A15: 0], start = 42.465 [0.37], end = 83.844 [0.73], energy = 16.751
  Job: 3 [hog.B], __idle__
  Job: 6 [hog.B], mapping: 30 [ARM_CORTEX_A7: 0, ARM_CORTEX_A15: 2], start = 42.465 [0.00], end = 83.844 [0.97], energy = 107.422

Time window: [83.844, 84.931), Energy (Total): 5.174 (MISSED)
  Job: 2 [hog.B], mapping: 0 [ARM_CORTEX_A7: 1, ARM_CORTEX_A15: 0], start = 83.844 [0.73], end = 84.931 [0.74], energy = 0.440
  Job: 3 [hog.B], mapping: 20 [ARM_CORTEX_A7: 3, ARM_CORTEX_A15: 1], start = 83.844 [0.00], end = 84.931 [0.03], energy = 1.913
  Job: 6 [hog.B], mapping: 30 [ARM_CORTEX_A7: 0, ARM_CORTEX_A15: 2], start = 83.844 [0.97], end = 84.931 [1.00F], energy = 2.821

Time window: [84.931, 114.298), Energy (Total): 63.580 (MISSED)
  Job: 2 [hog.B], mapping: 0 [ARM_CORTEX_A7: 1, ARM_CORTEX_A15: 0], start = 84.931 [0.74], end = 114.298 [1.00F], energy = 11.888
  Job: 3 [hog.B], mapping: 20 [ARM_CORTEX_A7: 3, ARM_CORTEX_A15: 1], start = 84.931 [0.03], end = 114.298 [0.94], energy = 51.692

Time window: [114.298, 116.166), Energy (Total): 3.288 (MISSED)
  Job: 3 [hog.B], mapping: 20 [ARM_CORTEX_A7: 3, ARM_CORTEX_A15: 1], start = 114.298 [0.94], end = 116.166 [1.00F], energy = 3.288
