Time window: [0.000, 41.922), Energy (Total): 38.244 (MISSED)
  Job: 0 [hog.B], mapping: 4 [ARM_CORTEX_A7: 3, ARM_CORTEX_A15: 0], start = 0.000 [0.00], end = 41.922 [1.00F], energy = 38.244
  Job: 1 [hog.B], __idle__

Time window: [41.922, 83.844), Energy (Total): 38.244 (MISSED)
  Job: 1 [hog.B], mapping: 4 [ARM_CORTEX_A7: 3, ARM_CORTEX_A15: 0], start = 41.922 [0.00], end = 83.844 [1.00F], energy = 38.244
