Time window: [0.000, 12.663), Energy (Total): 11.866 (MISSED)
  Job: 0 [hog.A], mapping: 4 [ARM_CORTEX_A7: 3, ARM_CORTEX_A15: 0], start = 0.000 [0.00], end = 12.663 [1.00F], energy = 11.866
  Job: 1 [hog.A], __idle__
  Job: 2 [hog.A], __idle__
  Job: 3 [hog.A], __idle__
  Job: 4 [hog.A], __idle__

Time window: [12.663, 25.326), Energy (Total): 11.866 (MISSED)
  Job: 1 [hog.A], mapping: 4 [ARM_CORTEX_A7: 3, ARM_CORTEX_A15: 0], start = 12.663 [0.00], end = 25.326 [1.00F], energy = 11.866
  Job: 2 [hog.A], __idle__
  Job: 3 [hog.A], __idle__
  Job: 4 [hog.A], __idle__

Time window: [25.326, 37.989), Energy (Total): 11.866 (MISSED)
  Job: 2 [hog.A], mapping: 4 [ARM_CORTEX_A7: 3, ARM_CORTEX_A15: 0], start = 25.326 [0.00], end = 37.989 [1.00F], energy = 11.866
  Job: 3 [hog.A], __idle__
  Job: 4 [hog.A], __idle__

Time window: [37.989, 50.652), Energy (Total): 11.866 (MISSED)
  Job: 3 [hog.A], mapping: 4 [ARM_CORTEX_A7: 3, ARM_CORTEX_A15: 0], start = 37.989 [0.00], end = 50.652 [1.00F], energy = 11.866
  Job: 4 [hog.A], __idle__

Time window: [50.652, 63.315), Energy (Total): 11.866 (MISSED)
  Job: 4 [hog.A], mapping: 4 [ARM_CORTEX_A7: 3, ARM_CORTEX_A15: 0], start = 50.652 [0.00], end = 63.315 [1.00F], energy = 11.866
