Time window: [0.000, 41.922), Energy (Total): 55.215 (MISSED)
  Job: 0 [hog.B], mapping: 4 [ARM_CORTEX_A7: 3, ARM_CORTEX_A15: 0], start = 0.000 [0.00], end = 41.922 [1.00F], energy = 38.244
  Job: 1 [hog.B], mapping: 0 [ARM_CORTEX_A7: 1, ARM_CORTEX_A15: 0], start = 0.000 [0.00], end = 41.922 [0.37], energy = 16.971

Time window: [41.922, 68.468), Energy (Total): 24.217 (MISSED)
  Job: 1 [hog.B], mapping: 4 [ARM_CORTEX_A7: 3, ARM_CORTEX_A15: 0], start = 41.922 [0.37], end = 68.468 [1.00F], energy = 24.217
