Time window: [0.000, 12.663), Energy (Total): 17.792 (MISSED)
  Job: 0 [hog.A], mapping: 4 [ARM_CORTEX_A7: 3, ARM_CORTEX_A15: 0], start = 0.000 [0.00], end = 12.663 [1.00F], energy = 11.866
  Job: 1 [hog.A], mapping: 0 [ARM_CORTEX_A7: 1, ARM_CORTEX_A15: 0], start = 0.000 [0.00], end = 12.663 [0.38], energy = 5.926

Time window: [12.663, 20.568), Energy (Total): 7.407 (MISSED)
  Job: 1 [hog.A], mapping: 4 [ARM_CORTEX_A7: 3, ARM_CORTEX_A15: 0], start = 12.663 [0.38], end = 20.568 [1.00F], energy = 7.407
