Time window: [0.000, 33.699), Energy (Total): 148.435 (MISSED)
  Job: 0 [hog.A], mapping: 0 [ARM_CORTEX_A7: 1, ARM_CORTEX_A15: 0], start = 0.000 [0.00], end = 33.699 [1.00F], energy = 15.769
  Job: 2 [hog.A], mapping: 0 [ARM_CORTEX_A7: 1, ARM_CORTEX_A15: 0], start = 0.000 [0.00], end = 33.699 [1.00F], energy = 15.769
  Job: 3 [hog.A], mapping: 0 [ARM_CORTEX_A7: 1, ARM_CORTEX_A15: 0], start = 0.000 [0.00], end = 33.699 [1.00F], energy = 15.769
  Job: 1 [hog.B], mapping: 0 [ARM_CORTEX_A7: 1, ARM_CORTEX_A15: 0], start = 0.000 [0.00], end = 33.699 [0.29], energy = 13.642
  Job: 4 [hog.B], mapping: 30 [ARM_CORTEX_A7: 0, ARM_CORTEX_A15: 2], start = 0.000 [0.00], end = 33.699 [0.79], energy = 87.485

Time window: [33.699, 46.581), Energy (Total): 16.539 (MISSED)
  Job: 4 [hog.B], mapping: 3 [ARM_CORTEX_A7: 2, ARM_CORTEX_A15: 0], start = 33.699 [0.79], end = 46.581 [1.00F], energy = 8.270
  Job: 1 [hog.B], mapping: 3 [ARM_CORTEX_A7: 2, ARM_CORTEX_A15: 0], start = 33.699 [0.29], end = 46.581 [0.50], energy = 8.270

Time window: [46.581, 67.489), Energy (Total): 19.074 (MISSED)
  Job: 1 [hog.B], mapping: 4 [ARM_CORTEX_A7: 3, ARM_CORTEX_A15: 0], start = 46.581 [0.50], end = 67.489 [1.00F], energy = 19.074
