Time window: [0.000, 41.922), Energy (Total): 201.923 (MISSED)
  Job: 0 [hog.B], mapping: 4 [ARM_CORTEX_A7: 3, ARM_CORTEX_A15: 0], start = 0.000 [0.00], end = 41.922 [1.00F], energy = 38.244
  Job: 1 [hog.B], mapping: 16 [ARM_CORTEX_A7: 1, ARM_CORTEX_A15: 2], start = 0.000 [0.00], end = 41.922 [0.78], energy = 54.846
  Job: 2 [hog.B], mapping: 30 [ARM_CORTEX_A7: 0, ARM_CORTEX_A15: 2], start = 0.000 [0.00], end = 41.922 [0.99], energy = 108.833

Time window: [41.922, 43.385), Energy (Total): 1.926 (MISSED)
  Job: 2 [hog.B], mapping: 0 [ARM_CORTEX_A7: 1, ARM_CORTEX_A15: 0], start = 41.922 [0.99], end = 43.385 [1.00F], energy = 0.592
  Job: 1 [hog.B], mapping: 4 [ARM_CORTEX_A7: 3, ARM_CORTEX_A15: 0], start = 41.922 [0.78], end = 43.385 [0.82], energy = 1.334

Time window: [43.385, 51.068), Energy (Total): 7.009 (MISSED)
  Job: 1 [hog.B], mapping: 4 [ARM_CORTEX_A7: 3, ARM_CORTEX_A15: 0], start = 43.385 [0.82], end = 51.068 [1.00F], energy = 7.009
