Time window: [0.000, 33.699), Energy (Total): 146.308 (MISSED)
  Job: 0 [hog.A], mapping: 0 [ARM_CORTEX_A7: 1, ARM_CORTEX_A15: 0], start = 0.000 [0.00], end = 33.699 [1.00F], energy = 15.769
  Job: 2 [hog.A], mapping: 0 [ARM_CORTEX_A7: 1, ARM_CORTEX_A15: 0], start = 0.000 [0.00], end = 33.699 [1.00F], energy = 15.769
  Job: 1 [hog.B], mapping: 0 [ARM_CORTEX_A7: 1, ARM_CORTEX_A15: 0], start = 0.000 [0.00], end = 33.699 [0.29], energy = 13.642
  Job: 3 [hog.B], mapping: 0 [ARM_CORTEX_A7: 1, ARM_CORTEX_A15: 0], start = 0.000 [0.00], end = 33.699 [0.29], energy = 13.642
  Job: 4 [hog.B], mapping: 30 [ARM_CORTEX_A7: 0, ARM_CORTEX_A15: 2], start = 0.000 [0.00], end = 33.699 [0.79], energy = 87.485

Time window: [33.699, 57.294), Energy (Total): 34.250 (MISSED)
  Job: 4 [hog.B], mapping: 0 [ARM_CORTEX_A7: 1, ARM_CORTEX_A15: 0], start = 33.699 [0.79], end = 57.294 [1.00F], energy = 9.552
  Job: 1 [hog.B], mapping: 3 [ARM_CORTEX_A7: 2, ARM_CORTEX_A15: 0], start = 33.699 [0.29], end = 57.294 [0.67], energy = 15.146
  Job: 3 [hog.B], mapping: 0 [ARM_CORTEX_A7: 1, ARM_CORTEX_A15: 0], start = 33.699 [0.29], end = 57.294 [0.50], energy = 9.552

Time window: [57.294, 77.704), Energy (Total): 26.203 (MISSED)
  Job: 1 [hog.B], mapping: 3 [ARM_CORTEX_A7: 2, ARM_CORTEX_A15: 0], start = 57.294 [0.67], end = 77.704 [1.00F], energy = 13.101
  Job: 3 [hog.B], mapping: 3 [ARM_CORTEX_A7: 2, ARM_CORTEX_A15: 0], start = 57.294 [0.50], end = 77.704 [0.83], energy = 13.101

Time window: [77.704, 84.901), Energy (Total): 6.565 (MISSED)
  Job: 3 [hog.B], mapping: 4 [ARM_CORTEX_A7: 3, ARM_CORTEX_A15: 0], start = 77.704 [0.83], end = 84.901 [1.00F], energy = 6.565
