Time window: [0.000, 42.465), Energy (Total): 289.250 (MISSED)
  Job: 0 [hog.B], mapping: 0 [ARM_CORTEX_A7: 1, ARM_CORTEX_A15: 0], start = 0.000 [0.00], end = 42.465 [0.37], energy = 17.191
  Job: 1 [hog.B], mapping: 0 [ARM_CORTEX_A7: 1, ARM_CORTEX_A15: 0], start = 0.000 [0.00], end = 42.465 [0.37], energy = 17.191
  Job: 2 [hog.B], mapping: 0 [ARM_CORTEX_A7: 1, ARM_CORTEX_A15: 0], start = 0.000 [0.00], end = 42.465 [0.37], energy = 17.191
  Job: 3 [hog.B], mapping: 0 [ARM_CORTEX_A7: 1, ARM_CORTEX_A15: 0], start = 0.000 [0.00], end = 42.465 [0.37], energy = 17.191
  Job: 4 [hog.B], mapping: 30 [ARM_CORTEX_A7: 0, ARM_CORTEX_A15: 2], start = 0.000 [0.00], end = 42.465 [1.00F], energy = 110.244
  Job: 5 [hog.B], mapping: 30 [ARM_CORTEX_A7: 0, ARM_CORTEX_A15: 2], start = 0.000 [0.00], end = 42.465 [1.00F], energy = 110.244
  Job: 6 [hog.B], __idle__
  Job: 7 [hog.B], __idle__

Time window: [42.465, 84.931), Energy (Total): 289.250 (MISSED)
  Job: 0 [hog.B], mapping: 0 [ARM_CORTEX_A7: 1, ARM_CORTEX_A15: 0], start = 42.465 [0.37], end = 84.931 [0.74], energy = 17.191
  Job: 1 [hog.B], mapping: 0 [ARM_CORTEX_A7: 1, ARM_CORTEX_A15: 0], start = 42.465 [0.37], end = 84.931 [0.74], energy = 17.191
  Job: 2 [hog.B], mapping: 0 [ARM_CORTEX_A7: 1, ARM_CORTEX_A15: 0], start = 42.465 [0.37], end = 84.931 [0.74], energy = 17.191
  Job: 3 [hog.B], mapping: 0 [ARM_CORTEX_A7: 1, ARM_CORTEX_A15: 0], start = 42.465 [0.37], end = 84.931 [0.74], energy = 17.191
  Job: 6 [hog.B], mapping: 30 [ARM_CORTEX_A7: 0, ARM_CORTEX_A15: 2], start = 42.465 [0.00], end = 84.931 [1.00F], energy = 110.244
  Job: 7 [hog.B], mapping: 30 [ARM_CORTEX_A7: 0, ARM_CORTEX_A15: 2], start = 42.465 [0.00], end = 84.931 [1.00F], energy = 110.244

Time window: [84.931, 114.298), Energy (Total): 47.553 (MISSED)
  Job: 0 [hog.B], mapping: 0 [ARM_CORTEX_A7: 1, ARM_CORTEX_A15: 0], start = 84.931 [0.74], end = 114.298 [1.00F], energy = 11.888
  Job: 1 [hog.B], mapping: 0 [ARM_CORTEX_A7: 1, ARM_CORTEX_A15: 0], start = 84.931 [0.74], end = 114.298 [1.00F], energy = 11.888
  Job: 2 [hog.B], mapping: 0 [ARM_CORTEX_A7: 1, ARM_CORTEX_A15: 0], start = 84.931 [0.74], end = 114.298 [1.00F], energy = 11.888
  Job: 3 [hog.B], mapping: 0 [ARM_CORTEX_A7: 1, ARM_CORTEX_A15: 0], start = 84.931 [0.74], end = 114.298 [1.00F], energy = 11.888
