Time window: [0.000, 42.465), Energy (Total): 282.128 (MISSED)
  Job: 0 [hog.B], mapping: 3 [ARM_CORTEX_A7: 2, ARM_CORTEX_A15: 0], start = 0.000 [0.00], end = 42.465 [0.68], energy = 27.260
  Job: 1 [hog.B], mapping: 0 [ARM_CORTEX_A7: 1, ARM_CORTEX_A15: 0], start = 0.000 [0.00], end = 42.465 [0.37], energy = 17.191
  Job: 2 [hog.B], mapping: 0 [ARM_CORTEX_A7: 1, ARM_CORTEX_A15: 0], start = 0.000 [0.00], end = 42.465 [0.37], energy = 17.191
  Job: 3 [hog.B], mapping: 30 [ARM_CORTEX_A7: 0, ARM_CORTEX_A15: 2], start = 0.000 [0.00], end = 42.465 [1.00F], energy = 110.244
  Job: 4 [hog.B], mapping: 30 [ARM_CORTEX_A7: 0, ARM_CORTEX_A15: 2], start = 0.000 [0.00], end = 42.465 [1.00F], energy = 110.244

Time window: [42.465, 76.164), Energy (Total): 79.361 (MISSED)
  Job: 0 [hog.B], mapping: 0 [ARM_CORTEX_A7: 1, ARM_CORTEX_A15: 0], start = 42.465 [0.68], end = 76.164 [0.98], energy = 13.642
  Job: 1 [hog.B], mapping: 3 [ARM_CORTEX_A7: 2, ARM_CORTEX_A15: 0], start = 42.465 [0.37], end = 76.164 [0.91], energy = 21.632
  Job: 2 [hog.B], mapping: 16 [ARM_CORTEX_A7: 1, ARM_CORTEX_A15: 2], start = 42.465 [0.37], end = 76.164 [1.00F], energy = 44.087

Time window: [76.164, 78.984), Energy (Total): 3.714 (MISSED)
  Job: 0 [hog.B], mapping: 0 [ARM_CORTEX_A7: 1, ARM_CORTEX_A15: 0], start = 76.164 [0.98], end = 78.984 [1.00F], energy = 1.142
  Job: 1 [hog.B], mapping: 4 [ARM_CORTEX_A7: 3, ARM_CORTEX_A15: 0], start = 76.164 [0.91], end = 78.984 [0.98], energy = 2.573

Time window: [78.984, 79.872), Energy (Total): 0.810 (MISSED)
  Job: 1 [hog.B], mapping: 4 [ARM_CORTEX_A7: 3, ARM_CORTEX_A15: 0], start = 78.984 [0.98], end = 79.872 [1.00F], energy = 0.810
