Platform Graph:{'dsp0': [('dsp0', 1918500), ('dsp1', 1918500), ('dsp2', 1918500), ('dsp3', 1918500), ('dsp4', 1918500)], 'dsp1': [('dsp0', 1918500), ('dsp1', 1918500), ('dsp2', 1918500), ('dsp3', 1918500), ('dsp4', 1918500)], 'dsp2': [('dsp0', 1918500), ('dsp1', 1918500), ('dsp2', 1918500), ('dsp3', 1918500), ('dsp4', 1918500)], 'dsp3': [('dsp0', 1918500), ('dsp1', 1918500), ('dsp2', 1918500), ('dsp3', 1918500), ('dsp4', 1918500)], 'dsp4': [('dsp0', 1918500), ('dsp1', 1918500), ('dsp2', 1918500), ('dsp3', 1918500), ('dsp4', 1918500)]}Symmetry group generators:[[[3, 4]], [[2, 3]], [[1, 2]], [[0, 1]]]
Correspondence:{0: 'dsp0', 1: 'dsp1', 2: 'dsp2', 3: 'dsp3', 4: 'dsp4'}