Platform Graph:{'ARM0': [('ARM0', 416790), ('ARM1', 416790), ('E00', 17796000), ('E01', 17719000), ('E02', 17642000), ('E03', 17566000), ('E04', 17796000), ('E05', 17719000), ('E06', 17642000), ('E07', 17566000), ('E08', 17796000), ('E09', 17719000), ('E10', 17642000), ('E11', 17566000), ('E12', 17796000), ('E13', 17719000), ('E14', 17642000), ('E15', 17566000)], 'ARM1': [('ARM0', 416790), ('ARM1', 416790), ('E00', 17796000), ('E01', 17719000), ('E02', 17642000), ('E03', 17566000), ('E04', 17796000), ('E05', 17719000), ('E06', 17642000), ('E07', 17566000), ('E08', 17796000), ('E09', 17719000), ('E10', 17642000), ('E11', 17566000), ('E12', 17796000), ('E13', 17719000), ('E14', 17642000), ('E15', 17566000)], 'E00': [('ARM0', 17251000), ('ARM1', 17251000), ('E00', 0), ('E01', 94401), ('E02', 171070), ('E03', 247740), ('E04', 94401), ('E05', 171070), ('E06', 247740), ('E07', 324400), ('E08', 171070), ('E09', 247740), ('E10', 324400), ('E11', 401070), ('E12', 247740), ('E13', 324400), ('E14', 401070), ('E15', 477740)], 'E01': [('ARM0', 17174000), ('ARM1', 17174000), ('E00', 94401), ('E01', 0), ('E02', 94401), ('E03', 171070), ('E04', 171070), ('E05', 94401), ('E06', 171070), ('E07', 247740), ('E08', 247740), ('E09', 171070), ('E10', 247740), ('E11', 324400), ('E12', 324400), ('E13', 247740), ('E14', 324400), ('E15', 401070)], 'E02': [('ARM0', 17097000), ('ARM1', 17097000), ('E00', 171070), ('E01', 94401), ('E02', 0), ('E03', 94401), ('E04', 247740), ('E05', 171070), ('E06', 94401), ('E07', 171070), ('E08', 324400), ('E09', 247740), ('E10', 171070), ('E11', 247740), ('E12', 401070), ('E13', 324400), ('E14', 247740), ('E15', 324400)], 'E03': [('ARM0', 17021000), ('ARM1', 17021000), ('E00', 247740), ('E01', 171070), ('E02', 94401), ('E03', 0), ('E04', 324400), ('E05', 247740), ('E06', 171070), ('E07', 94401), ('E08', 401070), ('E09', 324400), ('E10', 247740), ('E11', 171070), ('E12', 477740), ('E13', 401070), ('E14', 324400), ('E15', 247740)], 'E04': [('ARM0', 17251000), ('ARM1', 17251000), ('E00', 94401), ('E01', 171070), ('E02', 247740), ('E03', 324400), ('E04', 0), ('E05', 94401), ('E06', 171070), ('E07', 247740), ('E08', 94401), ('E09', 171070), ('E10', 247740), ('E11', 324400), ('E12', 171070), ('E13', 247740), ('E14', 324400), ('E15', 401070)], 'E05': [('ARM0', 17174000), ('ARM1', 17174000), ('E00', 171070), ('E01', 94401), ('E02', 171070), ('E03', 247740), ('E04', 94401), ('E05', 0), ('E06', 94401), ('E07', 171070), ('E08', 171070), ('E09', 94401), ('E10', 171070), ('E11', 247740), ('E12', 247740), ('E13', 171070), ('E14', 247740), ('E15', 324400)], 'E06': [('ARM0', 17097000), ('ARM1', 17097000), ('E00', 247740), ('E01', 171070), ('E02', 94401), ('E03', 171070), ('E04', 171070), ('E05', 94401), ('E06', 0), ('E07', 94401), ('E08', 247740), ('E09', 171070), ('E10', 94401), ('E11', 171070), ('E12', 324400), ('E13', 247740), ('E14', 171070), ('E15', 247740)], 'E07': [('ARM0', 17021000), ('ARM1', 17021000), ('E00', 324400), ('E01', 247740), ('E02', 171070), ('E03', 94401), ('E04', 247740), ('E05', 171070), ('E06', 94401), ('E07', 0), ('E08', 324400), ('E09', 247740), ('E10', 171070), ('E11', 94401), ('E12', 401070), ('E13', 324400), ('E14', 247740), ('E15', 171070)], 'E08': [('ARM0', 17251000), ('ARM1', 17251000), ('E00', 171070), ('E01', 247740), ('E02', 324400), ('E03', 401070), ('E04', 94401), ('E05', 171070), ('E06', 247740), ('E07', 324400), ('E08', 0), ('E09', 94401), ('E10', 171070), ('E11', 247740), ('E12', 94401), ('E13', 171070), ('E14', 247740), ('E15', 324400)], 'E09': [('ARM0', 17174000), ('ARM1', 17174000), ('E00', 247740), ('E01', 171070), ('E02', 247740), ('E03', 324400), ('E04', 171070), ('E05', 94401), ('E06', 171070), ('E07', 247740), ('E08', 94401), ('E09', 0), ('E10', 94401), ('E11', 171070), ('E12', 171070), ('E13', 94401), ('E14', 171070), ('E15', 247740)], 'E10': [('ARM0', 17097000), ('ARM1', 17097000), ('E00', 324400), ('E01', 247740), ('E02', 171070), ('E03', 247740), ('E04', 247740), ('E05', 171070), ('E06', 94401), ('E07', 171070), ('E08', 171070), ('E09', 94401), ('E10', 0), ('E11', 94401), ('E12', 247740), ('E13', 171070), ('E14', 94401), ('E15', 171070)], 'E11': [('ARM0', 17021000), ('ARM1', 17021000), ('E00', 401070), ('E01', 324400), ('E02', 247740), ('E03', 171070), ('E04', 324400), ('E05', 247740), ('E06', 171070), ('E07', 94401), ('E08', 247740), ('E09', 171070), ('E10', 94401), ('E11', 0), ('E12', 324400), ('E13', 247740), ('E14', 171070), ('E15', 94401)], 'E12': [('ARM0', 17251000), ('ARM1', 17251000), ('E00', 247740), ('E01', 324400), ('E02', 401070), ('E03', 477740), ('E04', 171070), ('E05', 247740), ('E06', 324400), ('E07', 401070), ('E08', 94401), ('E09', 171070), ('E10', 247740), ('E11', 324400), ('E12', 0), ('E13', 94401), ('E14', 171070), ('E15', 247740)], 'E13': [('ARM0', 17174000), ('ARM1', 17174000), ('E00', 324400), ('E01', 247740), ('E02', 324400), ('E03', 401070), ('E04', 247740), ('E05', 171070), ('E06', 247740), ('E07', 324400), ('E08', 171070), ('E09', 94401), ('E10', 171070), ('E11', 247740), ('E12', 94401), ('E13', 0), ('E14', 94401), ('E15', 171070)], 'E14': [('ARM0', 17097000), ('ARM1', 17097000), ('E00', 401070), ('E01', 324400), ('E02', 247740), ('E03', 324400), ('E04', 324400), ('E05', 247740), ('E06', 171070), ('E07', 247740), ('E08', 247740), ('E09', 171070), ('E10', 94401), ('E11', 171070), ('E12', 171070), ('E13', 94401), ('E14', 0), ('E15', 94401)], 'E15': [('ARM0', 17021000), ('ARM1', 17021000), ('E00', 477740), ('E01', 401070), ('E02', 324400), ('E03', 247740), ('E04', 401070), ('E05', 324400), ('E06', 247740), ('E07', 171070), ('E08', 324400), ('E09', 247740), ('E10', 171070), ('E11', 94401), ('E12', 247740), ('E13', 171070), ('E14', 94401), ('E15', 0)]}Symmetry group generators:[[[2, 14], [3, 15], [4, 16], [5, 17], [6, 10], [7, 11], [8, 12], [9, 13]], [[0, 1]]]
Correspondence:{0: 'ARM0', 1: 'ARM1', 2: 'E00', 3: 'E01', 4: 'E02', 5: 'E03', 6: 'E04', 7: 'E05', 8: 'E06', 9: 'E07', 10: 'E08', 11: 'E09', 12: 'E10', 13: 'E11', 14: 'E12', 15: 'E13', 16: 'E14', 17: 'E15'}